c:\users\student\source\repos\windowsappproject\directx_ver.0\debug\vc142.pdb
c:\users\student\source\repos\windowsappproject\directx_ver.0\debug\vc142.idb
c:\users\student\source\repos\windowsappproject\directx_ver.0\debug\result.obj
c:\users\student\source\repos\windowsappproject\directx_ver.0\debug\player.obj
c:\users\student\source\repos\windowsappproject\directx_ver.0\debug\pause.obj
c:\users\student\source\repos\windowsappproject\directx_ver.0\debug\particle.obj
c:\users\student\source\repos\windowsappproject\directx_ver.0\debug\main.obj
c:\users\student\source\repos\windowsappproject\directx_ver.0\debug\log.obj
c:\users\student\source\repos\windowsappproject\directx_ver.0\debug\input.obj
c:\users\student\source\repos\windowsappproject\directx_ver.0\debug\heart.obj
c:\users\student\source\repos\windowsappproject\directx_ver.0\debug\gauge.obj
c:\users\student\source\repos\windowsappproject\directx_ver.0\debug\gameover.obj
c:\users\student\source\repos\windowsappproject\directx_ver.0\debug\game.obj
c:\users\student\source\repos\windowsappproject\directx_ver.0\debug\fade_stage.obj
c:\users\student\source\repos\windowsappproject\directx_ver.0\debug\fade.obj
c:\users\student\source\repos\windowsappproject\directx_ver.0\debug\explosion.obj
c:\users\student\source\repos\windowsappproject\directx_ver.0\debug\enemy.obj
c:\users\student\source\repos\windowsappproject\directx_ver.0\debug\effect.obj
c:\users\student\source\repos\windowsappproject\directx_ver.0\debug\editer.obj
c:\users\student\source\repos\windowsappproject\directx_ver.0\debug\bullet.obj
c:\users\student\source\repos\windowsappproject\directx_ver.0\debug\block.obj
c:\users\student\source\repos\windowsappproject\directx_ver.0\debug\bg.obj
c:\users\student\source\repos\windowsappproject\directx_ver.0\debug\volume.obj
c:\users\student\source\repos\windowsappproject\directx_ver.0\debug\title.obj
c:\users\student\source\repos\windowsappproject\directx_ver.0\debug\timer.obj
c:\users\student\source\repos\windowsappproject\directx_ver.0\debug\stage.obj
c:\users\student\source\repos\windowsappproject\directx_ver.0\debug\sound.obj
c:\users\student\source\repos\windowsappproject\directx_ver.0\debug\settings.obj
c:\users\student\source\repos\windowsappproject\directx_ver.0\debug\score.obj
c:\users\student\source\repos\windowsappproject\directx_ver.0\debug\stock.obj
c:\users\student\source\repos\windowsappproject\directx_ver.0\debug\ranking.obj
c:\users\student\source\repos\windowsappproject\directx_ver.0\debug\directx_ver.0.exe
c:\users\student\source\repos\windowsappproject\directx_ver.0\debug\directx_ver.0.ilk
c:\users\student\source\repos\windowsappproject\directx_ver.0\debug\directx_ver.0.pdb
c:\users\student\source\repos\windowsappproject\directx_ver.0\debug\directx_ver.0.res
c:\users\student\source\repos\windowsappproject\directx_ver.0\debug\particle.obj.enc
c:\users\student\source\repos\windowsappproject\directx_ver.0\debug\directx_ver.0.tlog\cl.command.1.tlog
c:\users\student\source\repos\windowsappproject\directx_ver.0\debug\directx_ver.0.tlog\cl.read.1.tlog
c:\users\student\source\repos\windowsappproject\directx_ver.0\debug\directx_ver.0.tlog\cl.write.1.tlog
c:\users\student\source\repos\windowsappproject\directx_ver.0\debug\directx_ver.0.tlog\link.command.1.tlog
c:\users\student\source\repos\windowsappproject\directx_ver.0\debug\directx_ver.0.tlog\link.read.1.tlog
c:\users\student\source\repos\windowsappproject\directx_ver.0\debug\directx_ver.0.tlog\link.write.1.tlog
c:\users\student\source\repos\windowsappproject\directx_ver.0\debug\directx_ver.0.tlog\rc.command.1.tlog
c:\users\student\source\repos\windowsappproject\directx_ver.0\debug\directx_ver.0.tlog\rc.read.1.tlog
c:\users\student\source\repos\windowsappproject\directx_ver.0\debug\directx_ver.0.tlog\rc.write.1.tlog
