c:\users\student\source\repos\windowsappproject\directx_ver.0\release\vc142.pdb
c:\users\student\source\repos\windowsappproject\directx_ver.0\release\shop.obj
c:\users\student\source\repos\windowsappproject\directx_ver.0\release\player.obj
c:\users\student\source\repos\windowsappproject\directx_ver.0\release\main.obj
c:\users\student\source\repos\windowsappproject\directx_ver.0\release\cpu1.obj
c:\users\student\source\repos\windowsappproject\directx_ver.0\release\bg.obj
c:\users\student\source\repos\windowsappproject\directx_ver.0\release\input.obj
c:\users\student\source\repos\windowsappproject\directx_ver.0\release\debugprint.obj
c:\users\student\source\repos\windowsappproject\directx_ver.0\release\explosion.obj
c:\users\student\source\repos\windowsappproject\directx_ver.0\release\enemy.obj
c:\users\student\source\repos\windowsappproject\directx_ver.0\release\bullet.obj
c:\users\student\source\repos\windowsappproject\directx_ver.0\release\score.obj
c:\users\student\source\repos\windowsappproject\directx_ver.0\release\sound.obj
c:\users\student\source\repos\windowsappproject\directx_ver.0\release\result.obj
c:\users\student\source\repos\windowsappproject\directx_ver.0\release\game.obj
c:\users\student\source\repos\windowsappproject\directx_ver.0\release\title.obj
c:\users\student\source\repos\windowsappproject\directx_ver.0\release\fade.obj
c:\users\student\source\repos\windowsappproject\directx_ver.0\release\effect.obj
c:\users\student\source\repos\windowsappproject\directx_ver.0\release\timer.obj
c:\users\student\source\repos\windowsappproject\directx_ver.0\release\gauge.obj
c:\users\student\source\repos\windowsappproject\directx_ver.0\release\gameover.obj
c:\users\student\source\repos\windowsappproject\directx_ver.0\release\volume.obj
c:\users\student\source\repos\windowsappproject\directx_ver.0\release\stage.obj
c:\users\student\source\repos\windowsappproject\directx_ver.0\release\settings.obj
c:\users\student\source\repos\windowsappproject\directx_ver.0\release\pause.obj
c:\users\student\source\repos\windowsappproject\directx_ver.0\release\fade_stage.obj
c:\users\student\source\repos\windowsappproject\directx_ver.0\release\block.obj
c:\users\student\source\repos\windowsappproject\directx_ver.0\release\number.obj
c:\users\student\source\repos\windowsappproject\directx_ver.0\release\particle.obj
c:\users\student\source\repos\windowsappproject\directx_ver.0\release\log.obj
c:\users\student\source\repos\windowsappproject\directx_ver.0\release\editer.obj
c:\users\student\source\repos\windowsappproject\directx_ver.0\release\ranking.obj
c:\users\student\source\repos\windowsappproject\directx_ver.0\release\heart.obj
c:\users\student\source\repos\windowsappproject\directx_ver.0\release\stock.obj
c:\users\student\source\repos\windowsappproject\directx_ver.0\release\resultbg.obj
c:\users\student\source\repos\windowsappproject\directx_ver.0\directx_ver.0.exe
c:\users\student\source\repos\windowsappproject\directx_ver.0\release\directx_ver.0.ipdb
c:\users\student\source\repos\windowsappproject\directx_ver.0\release\directx_ver.0.iobj
c:\users\student\source\repos\windowsappproject\directx_ver.0\directx_ver.0.pdb
c:\users\student\source\repos\windowsappproject\directx_ver.0\release\directx_ver.0.res
c:\users\student\source\repos\windowsappproject\directx_ver.0\release\directx_ver.0.tlog\cl.command.1.tlog
c:\users\student\source\repos\windowsappproject\directx_ver.0\release\directx_ver.0.tlog\cl.read.1.tlog
c:\users\student\source\repos\windowsappproject\directx_ver.0\release\directx_ver.0.tlog\cl.write.1.tlog
c:\users\student\source\repos\windowsappproject\directx_ver.0\release\directx_ver.0.tlog\link.command.1.tlog
c:\users\student\source\repos\windowsappproject\directx_ver.0\release\directx_ver.0.tlog\link.read.1.tlog
c:\users\student\source\repos\windowsappproject\directx_ver.0\release\directx_ver.0.tlog\link.write.1.tlog
c:\users\student\source\repos\windowsappproject\directx_ver.0\release\directx_ver.0.tlog\rc.command.1.tlog
c:\users\student\source\repos\windowsappproject\directx_ver.0\release\directx_ver.0.tlog\rc.read.1.tlog
c:\users\student\source\repos\windowsappproject\directx_ver.0\release\directx_ver.0.tlog\rc.write.1.tlog
